    MAP
 NAME ""
 IMAGETYPE PNG
 EXTENT -180 -90 180 90
 MAXSIZE 4096
 SIZE 500 300
 FONTSET "/opt/geomet/etc/mapserv/fonts/fonts.txt"
 IMAGECOLOR 255 255 255
 CONFIG "PROJ_LIB" "/opt/geomet/etc"
 PROJECTION
  "init=epsg:4326"
 END
 TRANSPARENT ON
 QUERYMAP
  STATUS OFF
  SIZE 400 300
  STYLE HILITE
  COLOR 255 255 0
 END
 LEGEND
  LABEL
   SIZE 10
   TYPE TRUETYPE
   FONT arial
   COLOR 0 0 0
  END
 END
SYMBOL
 NAME "circle"
 TYPE ELLIPSE
 FILLED TRUE
 POINTS
  1 1
 END
END
SYMBOL
 NAME "circle_wind"
 TYPE ELLIPSE
 FILLED FALSE
 POINTS
  1 1
 END
END
SYMBOL
 NAME "arrow"
 TYPE vector
 FILLED true
 POINTS
  1.2 0
  1.2 6
  3 6
  0 10
  -3 6
  -1.2 6
  -1.2 0
  1.2 0
 END
END
SYMBOL
 NAME "arrow_wind"
 TYPE vector
 FILLED true
 POINTS
  0 1.2
  6 1.2
  6 3
  10 0
  6 -3
  6 -1.2
  0 -1.2
  0 1.2
 END
END
SYMBOL
 NAME "dreieck-leer"
 TYPE vector
 POINTS
  0 4
  2 0
  4 4
  0 4
 END
 FILLED TRUE
END
SYMBOL
  NAME "hatchsymbol"
  TYPE hatch
END
SYMBOL
  NAME "radar_crosshatch"
  TYPE PIXMAP
  IMAGE "../etc/mapserv/symbols/RADAR-CROSSHATCH.png"
  TRANSPARENT 13
END
 OUTPUTFORMAT
  NAME "GeoJSON"
  DRIVER "TEMPLATE"
  MIMETYPE "application/json"
  FORMATOPTION "FILE=/opt/geomet/etc/mapserv/templates/template-GDPS.ETA_TT.js"
 END
 OUTPUTFORMAT
  NAME GEOTIFF_16
  DRIVER "GDAL/GTiff"
  MIMETYPE "image/tiff"
  IMAGEMODE FLOAT32
  EXTENSION "tif"
 END
 OUTPUTFORMAT
  NAME AAIGRID
  DRIVER "GDAL/AAIGRID"
  MIMETYPE "image/x-aaigrid"
  IMAGEMODE INT16
  EXTENSION "grd"
  FORMATOPTION "FILENAME=result.grd"
 END
  OUTPUTFORMAT
   NAME "NETCDF"
   DRIVER "GDAL/netCDF"
   MIMETYPE "image/netcdf"
   IMAGEMODE FLOAT32
   EXTENSION "nc"
  END
     CONFIG "MS_ERRORFILE" "/tmp/geomet-ows-dev.log"
 DEBUG 5
     WEB
      METADATA
    "ows_updatesequence" "2021-12-08T17:15:01Z"
    "ows_encoding" "UTF-8"
    "wcs_label" "MSC GeoMet — GeoMet-Weather 2.16.4"
    "ows_title" "MSC GeoMet — GeoMet-Weather 2.16.4"
    "ows_abstract" "GeoMet-Weather provides public access to the Meteorological Service of Canada (MSC) and Environment and Climate Change Canada (ECCC) data via interoperable web services and application programming interfaces (API). Through open standards, users can freely and quickly access thousands of real-time and archived weather, climate and water datasets and products and integrate them in their domain-specific applications and decision support systems. Users can build mobile apps, create interactive web maps, and display and animate MSC data in desktop software. MSC GeoMet also enables on demand raw data clipping and reprojection, on demand format conversion and custom visualization."
    "wcs_description" "GeoMet-Weather provides public access to the Meteorological Service of Canada (MSC) and Environment and Climate Change Canada (ECCC) data via interoperable web services and application programming interfaces (API). Through open standards, users can freely and quickly access thousands of real-time and archived weather, climate and water datasets and products and integrate them in their domain-specific applications and decision support systems. Users can build mobile apps, create interactive web maps, and display and animate MSC data in desktop software. MSC GeoMet also enables on demand raw data clipping and reprojection, on demand format conversion and custom visualization."
    "ows_keywordlist" "Weather,Meteorology,Climate,Forecasting,Floods,Weather alerts,Storms,Wind,Temperature,Precipitations,Snow,Ice"
    "ows_keywordlist_vocabulary" "http://purl.org/dc/terms/"
    "ows_onlineresource" "https://geo.wxod-dev.cmc.ec.gc.ca/geomet"
    "ows_service_onlineresource" "https://eccc-msc.github.io/open-data/msc-geomet/readme_en/"
    "ows_fees" "None"
    "ows_accessconstraints" "None"
    "ows_addresstype" "postal"
    "ows_address" "77 Westmorland Street, Suite 260"
    "ows_city" "Fredericton"
    "ows_stateorprovince" "New Brunswick"
    "ows_postcode" "E3B 6Z3"
    "ows_country" "Canada"
    "ows_contactelectronicmailaddress" "ecweather-meteo@ec.gc.ca"
    "ows_contactvoicetelephone" "None"
    "ows_contactfacsimiletelephone" "+01-506-451-6010"
    "ows_contactperson" "National Inquiry Response Team"
    "ows_contactorganization" "Government of Canada, Environment and Climate Change Canada, Meteorological Service of Canada"
    "ows_contactposition" "Service Channel"
    "ows_hoursofservice" "Monday to Friday, 1300h - 2100h UTC"
    "ows_contactinstructions" "During hours of service"
    "ows_role" "pointOfContact"
    "wms_getmap_formatlist" "image/png,image/jpeg"
    "wms_getfeatureinfo_formatlist" "text/plain,application/json"
    "wms_timeformat" "YYYY-MM-DDTHH:MM:SSZ"
    "wms_attribution_onlineresource" "https://www.canada.ca/en/services/environment/weather.html"
    "wms_attribution_title" "Government of Canada, Environment and Climate Change Canada, Meteorological Service of Canada"
    "wms_attribution_logourl_href" "https://ec.gc.ca/meteo-weather/C0D9B3D8-D256-407D-A68F-C606D703105E/X-20130131132801908.jpg"
    "wms_attribution_logourl_format" "image/jpeg"
    "wms_attribution_logourl_width" "400"
    "wms_attribution_logourl_height" "258"
    "ows_srs" "EPSG:4326 EPSG:2294 EPSG:2295 EPSG:2950 EPSG:3408 EPSG:3410 EPSG:3571 EPSG:3572 EPSG:3573 EPSG:3574 EPSG:3575 EPSG:3576 EPSG:3857 EPSG:3978 EPSG:4267 EPSG:4269 EPSG:26707 EPSG:26708 EPSG:26709 EPSG:26710 EPSG:26711 EPSG:26712 EPSG:26713 EPSG:26714 EPSG:26715 EPSG:26716 EPSG:26717 EPSG:26718 EPSG:26719 EPSG:26720 EPSG:26721 EPSG:26722 EPSG:26907 EPSG:26908 EPSG:26909 EPSG:26910 EPSG:26911 EPSG:26912 EPSG:26913 EPSG:26914 EPSG:26915 EPSG:26916 EPSG:26917 EPSG:26918 EPSG:26919 EPSG:26920 EPSG:26921 EPSG:26922 EPSG:32187 EPSG:32188 EPSG:32198 EPSG:32661 EPSG:42101 EPSG:42102 EPSG:42304 EPSG:102100 EPSG:102185 EPSG:900913"
    "ows_enable_request" "*"
    "ows_extent" "-180 -90 180 90"
    "wfs_getfeature_formatlist" "GeoJSON,CSV,CSVSTREAM,OGRKML,OGRGML,SHAPE-ZIP,MIDMIF,MultiMIDMIF"
    "wfs_namespace_uri" "urn:x-msc-smc:md:weather-meteo"
    "wfs_namespace_prefix" "ec-msc"
      END
     END
    LAYER
     NAME "GDPS.ETA_TT"
     DEBUG 5
     TYPE RASTER
     PROCESSING "SCALE_BUCKETS=1000"
     TOLERANCE 15
     TEMPLATE "ttt.html"
PROJECTION
 "proj=longlat"
 "lon_wrap=0"
 "a=6371229"
 "b=6371229"
 "no_defs"
END
     DATA '/data/geomet/feeds/ddi/model_gem_global/15km/grib2/lat_lon/00/042/CMC_glb_TMP_TGL_2_latlon.15x.15_2021120700_P042.grib2'
     METADATA
      "ows_authorityurl_name" "msc"
      "ows_authorityurl_href" "https://dd.weather.gc.ca"
      "ows_identifier_authority" "msc"
      "ows_identifier_value" "urn:x-msc-smc:md:weather-meteo::nwp.gdps"
      "wms_layer_group" "/Global Deterministic Prediction System (GDPS) [15 km]/GDPS"
      "ows_title" "GDPS.ETA - Air temperature [°C]"
      "wcs_label" "GDPS.ETA - Air temperature [°C]"
      "wcs_rangeset_name" "Default Range"
      "wcs_rangeset_label" "Default Range"
      "ows_include_items" "all"
      "ows_abstract" "The Global Deterministic Prediction System (GDPS) carries out physics calculations to arrive at deterministic predictions of atmospheric elements from the current day out to 10 days into the future. Atmospheric elements include temperature, precipitation, cloud cover, wind speed and direction, humidity and others. This product contains raw numerical results of these calculations. Geographical coverage is global. Data is available at horizontal resolution of about 15 km up to 33 vertical levels. Predictions are performed twice a day."
      "ows_keywordlist" "Prediction Global Deterministic, Weather forecasts, Precipitation, Air temperature, Humidity, Snow, Wind, Meteorological data"
      "ows_keywordlist_vocabulary" "http://purl.org/dc/terms/"
      "ows_extent" "-180 -90.24 180 90"
      "wfs_metadataurl_format" "XML"
      "ows_metadataurl_format" "text/xml"
      "ows_metadataurl_href" "https://csw.open.canada.ca/geonetwork/srv/csw?service=CSW&version=2.0.2&request=GetRecordById&outputschema=csw:IsoRecord&elementsetname=full&id=c041e79a-914a-5a4e-a485-9cbc506195df"
      "ows_metadataurl_type" "TC211"
      "ows_geomtype" "Geometry"
      "geomet_time_enabled" "yes"
      "geomet_fullpath_pattern" "/data/geomet/feeds/ddi/model_gem_global/15km/grib2/lat_lon/{model_run_path}/{forecast_hour_path}/CMC_glb_{wx_variable}_latlon.15x.15_{YYYYMMDD}{model_run}_P{forecast_hour}.grib2"
      "geomet_model_runs" "[0, 12]"
      "geomet_forecast_hours" "[240, 240]"
            "wms_timeextent" "2021-12-07T00:00:00Z/2021-12-17T00:00:00Z/PT3H"
            "wms_dimensionlist" "reference_time"
            "wms_reference_time_item" "reference_time"
            "wms_reference_time_extent" "2021-12-07T00:00:00Z"
            "wms_reference_time_units" "ISO8601"
            "wms_reference_time_default" "2021-12-07T00:00:00Z"
      "wms_timedefault" "2021-12-08T18:00:00Z"
      "geomet_ows_http_max_age" "10800"
      "wcs_enable_request" "*"
      "ows_size" "2400 1201"
      "gml_include_items" "all"
     END
CLASSGROUP "TEMPERATURE-LINEAR"
CLASS
 NAME ".. -40"
 GROUP "TEMPERATURE-LINEAR"
 EXPRESSION ([pixel] < -40)
 STYLE
  COLORRANGE 0 0 127 0 0 127
  DATARANGE -100.0 -40.0
 END
END
CLASS
 NAME "-40 -35"
 GROUP "TEMPERATURE-LINEAR"
 EXPRESSION ([pixel] >= -40 AND [pixel] < -35)
 STYLE
  COLORRANGE 0 0 127 0 0 183
  DATARANGE -40.0 -35.0
 END
END
CLASS
 NAME "-35 -30"
 GROUP "TEMPERATURE-LINEAR"
 EXPRESSION ([pixel] >= -35 AND [pixel] < -30)
 STYLE
  COLORRANGE 0 0 183 0 0 239
  DATARANGE -35.0 -30.0
 END
END
CLASS
 NAME "-30 -25"
 GROUP "TEMPERATURE-LINEAR"
 EXPRESSION ([pixel] >= -30 AND [pixel] < -25)
 STYLE
  COLORRANGE 0 0 239 0 63 254
  DATARANGE -30.0 -25.0
 END
END
CLASS
 NAME "-25 -20"
 GROUP "TEMPERATURE-LINEAR"
 EXPRESSION ([pixel] >= -25 AND [pixel] < -20)
 STYLE
  COLORRANGE 0 63 254 0 147 254
  DATARANGE -25.0 -20.0
 END
END
CLASS
 NAME "-20 -15"
 GROUP "TEMPERATURE-LINEAR"
 EXPRESSION ([pixel] >= -20 AND [pixel] < -15)
 STYLE
  COLORRANGE 0 147 254 0 231 254
  DATARANGE -20.0 -15.0
 END
END
CLASS
 NAME "-15 -10"
 GROUP "TEMPERATURE-LINEAR"
 EXPRESSION ([pixel] >= -15 AND [pixel] < -10)
 STYLE
  COLORRANGE 0 231 254 51 253 135
  DATARANGE -15.0 -10.0
 END
END
CLASS
 NAME "-10 -5"
 GROUP "TEMPERATURE-LINEAR"
 EXPRESSION ([pixel] >= -10 AND [pixel] < -5)
 STYLE
  COLORRANGE 51 253 135 119 253 135
  DATARANGE -10.0 -5.0
 END
END
CLASS
 NAME "-5 0"
 GROUP "TEMPERATURE-LINEAR"
 EXPRESSION ([pixel] >= -5 AND [pixel] < 0)
 STYLE
  COLORRANGE 119 253 135 187 254 67
  DATARANGE -5.0 0.0
 END
END
CLASS
 NAME "0 5"
 GROUP "TEMPERATURE-LINEAR"
 EXPRESSION ([pixel] >= 0 AND [pixel] < 5)
 STYLE
  COLORRANGE 187 254 67 255 255 0
  DATARANGE 0.0 5.0
 END
END
CLASS
 NAME "5 10"
 GROUP "TEMPERATURE-LINEAR"
 EXPRESSION ([pixel] >= 5 AND [pixel] < 10)
 STYLE
  COLORRANGE 255 255 0 254 187 0
  DATARANGE 5.0 10.0
 END
END
CLASS
 NAME "10 15"
 GROUP "TEMPERATURE-LINEAR"
 EXPRESSION ([pixel] >= 10 AND [pixel] < 15)
 STYLE
  COLORRANGE 254 187 0 254 119 0
  DATARANGE 10.0 15.0
 END
END
CLASS
 NAME "15 20"
 GROUP "TEMPERATURE-LINEAR"
 EXPRESSION ([pixel] >= 15 AND [pixel] < 20)
 STYLE
  COLORRANGE 254 119 0 254 50 0
  DATARANGE 15.0 20.0
 END
END
CLASS
 NAME "20 25"
 GROUP "TEMPERATURE-LINEAR"
 EXPRESSION ([pixel] >= 20 AND [pixel] < 25)
 STYLE
  COLORRANGE 254 50 0 239 0 0
  DATARANGE 20.0 25.0
 END
END
CLASS
 NAME "25 30"
 GROUP "TEMPERATURE-LINEAR"
 EXPRESSION ([pixel] >= 25 AND [pixel] < 30)
 STYLE
  COLORRANGE 239 0 0 183 0 0
  DATARANGE 25.0 30.0
 END
END
CLASS
 NAME "30 35"
 GROUP "TEMPERATURE-LINEAR"
 EXPRESSION ([pixel] >= 30 AND [pixel] < 35)
 STYLE
  COLORRANGE 183 0 0 127 0 0
  DATARANGE 30.0 35.0
 END
END
CLASS
 NAME "35 40"
 GROUP "TEMPERATURE-LINEAR"
 EXPRESSION ([pixel] >= 35 AND [pixel] < 40)
 STYLE
  COLORRANGE 127 0 0 85 0 0
  DATARANGE 35.0 40.0
 END
END
CLASS
 NAME ">= 40"
 GROUP "TEMPERATURE-LINEAR"
 EXPRESSION ([pixel] >= 40)
 STYLE
  COLORRANGE 85 0 0 85 0 0
  DATARANGE 40.0 60.0
 END
END
CLASS
 NAME "-15 -10"
 GROUP "TEMPSUMMER"
 EXPRESSION ([pixel] < -10)
 STYLE
  COLOR 0 0 127
 END
END
CLASS
 NAME "-10 -5"
 GROUP "TEMPSUMMER"
 EXPRESSION ([pixel] >= -10 AND [pixel] < -5)
 STYLE
  COLOR 0 0 211
 END
END
CLASS
 NAME "-5 0"
 GROUP "TEMPSUMMER"
 EXPRESSION ([pixel] >= -5 AND [pixel] < 0)
 STYLE
  COLOR 0 63 254
 END
END
CLASS
 NAME "0 5"
 GROUP "TEMPSUMMER"
 EXPRESSION ([pixel] >= 0 AND [pixel] < 5)
 STYLE
  COLOR 0 189 254
 END
END
CLASS
 NAME "5 10"
 GROUP "TEMPSUMMER"
 EXPRESSION ([pixel] >= 5 AND [pixel] < 10)
 STYLE
  COLOR 51 253 203
 END
END
CLASS
 NAME "10 15"
 GROUP "TEMPSUMMER"
 EXPRESSION ([pixel] >= 10 AND [pixel] < 15)
 STYLE
  COLOR 153 254 101
 END
END
CLASS
 NAME "15 20"
 GROUP "TEMPSUMMER"
 EXPRESSION ([pixel] >= 15 AND [pixel] < 20)
 STYLE
  COLOR 255 255 0
 END
END
CLASS
 NAME "20 25"
 GROUP "TEMPSUMMER"
 EXPRESSION ([pixel] >= 20 AND [pixel] < 25)
 STYLE
  COLOR 254 153 0
 END
END
CLASS
 NAME "25 30"
 GROUP "TEMPSUMMER"
 EXPRESSION ([pixel] >= 25 AND [pixel] < 30)
 STYLE
  COLOR 254 50 0
 END
END
CLASS
 NAME "30 35"
 GROUP "TEMPSUMMER"
 EXPRESSION ([pixel] >= 30 AND [pixel] < 35)
 STYLE
  COLOR 211 0 0
 END
END
CLASS
 NAME "35 40"
 GROUP "TEMPSUMMER"
 EXPRESSION ([pixel] >= 35)
 STYLE
  COLOR 127 0 0
 END
END
CLASS
 NAME "<= -15"
 GROUP "TEMPSUMMER-LINEAR"
 EXPRESSION ([pixel] < -15)
 STYLE
  COLORRANGE 0 0 127 0 0 127
  DATARANGE -15.0 -100.0
 END
END
 CLASS
 NAME "-15 -10"
 GROUP "TEMPSUMMER-LINEAR"
 EXPRESSION ([pixel] >= -15 AND [pixel] < -10)
 STYLE
  COLORRANGE 0 0 127 0 0 203
  DATARANGE -15.0 -10.0
 END
END
CLASS
 NAME "-10 -5"
 GROUP "TEMPSUMMER-LINEAR"
 EXPRESSION ([pixel] >= -10 AND [pixel] < -5)
 STYLE
  COLORRANGE 0 0 203 0 40 254
  DATARANGE -10.0 -5.0
 END
END
CLASS
 NAME "-5 0"
 GROUP "TEMPSUMMER-LINEAR"
 EXPRESSION ([pixel] >= -5 AND [pixel] < 0)
 STYLE
  COLORRANGE 0 40 254 0 155 254
  DATARANGE -5.0 0.0
 END
END
CLASS
 NAME "0 5"
 GROUP "TEMPSUMMER-LINEAR"
 EXPRESSION ([pixel] >= 0 AND [pixel] < 5)
 STYLE
  COLORRANGE 0 155 254 13 253 241
  DATARANGE 0.0 5.0
 END
END
CLASS
 NAME "5 10"
 GROUP "TEMPSUMMER-LINEAR"
 EXPRESSION ([pixel] >= 5 AND [pixel] < 10)
 STYLE
  COLORRANGE 13 253 241 106 253 148
  DATARANGE 5.0 10.0
 END
END
CLASS
 NAME "10 15"
 GROUP "TEMPSUMMER-LINEAR"
 EXPRESSION ([pixel] >= 10 AND [pixel] < 15)
 STYLE
  COLORRANGE 106 253 148 199 254 55
  DATARANGE 10.0 15.0
 END
END
CLASS
 NAME "15 20"
 GROUP "TEMPSUMMER-LINEAR"
 EXPRESSION ([pixel] >= 15 AND [pixel] < 20)
 STYLE
  COLORRANGE 199 254 55 254 217 0
  DATARANGE 15.0 20.0
 END
END
CLASS
 NAME "20 25"
 GROUP "TEMPSUMMER-LINEAR"
 EXPRESSION ([pixel] >= 20 AND [pixel] < 25)
 STYLE
  COLORRANGE 254 217 0 254 125 0
  DATARANGE 20.0 25.0
 END
END
CLASS
 NAME "25 30"
 GROUP "TEMPSUMMER-LINEAR"
 EXPRESSION ([pixel] >= 25 AND [pixel] < 30)
 STYLE
  COLORRANGE 254 125 0 254 32 0
  DATARANGE 25.0 30.0
 END
END
CLASS
 NAME "30 35"
 GROUP "TEMPSUMMER-LINEAR"
 EXPRESSION ([pixel] >= 30 AND [pixel] < 35)
 STYLE
  COLORRANGE 254 32 0 203 0 0
  DATARANGE 30.0 35.0
 END
END
CLASS
 NAME "35 40"
 GROUP "TEMPSUMMER-LINEAR"
 EXPRESSION ([pixel] >= 35 AND [pixel] < 40)
 STYLE
  COLORRANGE 203 0 0 127 0 0
  DATARANGE 35.0 40.0
 END
END
CLASS
 NAME ">= 40"
 GROUP "TEMPSUMMER-LINEAR"
 EXPRESSION ([pixel] >= 40)
 STYLE
  COLORRANGE 127 0 0 127 0 0
  DATARANGE 40.0 60.0
 END
END
CLASS
 NAME "-40 -35"
 GROUP "TEMPWINTER"
 EXPRESSION ([pixel] < -35)
 STYLE
  COLOR 0 0 127
 END
END
CLASS
 NAME "-35 -30"
 GROUP "TEMPWINTER"
 EXPRESSION ([pixel] >= -35 AND [pixel] < -30)
 STYLE
  COLOR 0 0 211
 END
END
CLASS
 NAME "-30 -25"
 GROUP "TEMPWINTER"
 EXPRESSION ([pixel] >= -30 AND [pixel] < -25)
 STYLE
  COLOR 0 63 254
 END
END
CLASS
 NAME "-25 -20"
 GROUP "TEMPWINTER"
 EXPRESSION ([pixel] >= -25 AND [pixel] < -20)
 STYLE
  COLOR 0 189 254
 END
END
CLASS
 NAME "-20 -15"
 GROUP "TEMPWINTER"
 EXPRESSION ([pixel] >= -20 AND [pixel] < -15)
 STYLE
  COLOR 51 253 203
 END
END
CLASS
 NAME "-15 -10"
 GROUP "TEMPWINTER"
 EXPRESSION ([pixel] >= -15 AND [pixel] < -10)
 STYLE
  COLOR 153 254 101
 END
END
CLASS
 NAME "-10 -5"
 GROUP "TEMPWINTER"
 EXPRESSION ([pixel] >= -10 AND [pixel] < -5)
 STYLE
  COLOR 255 255 0
 END
END
CLASS
 NAME "-5 0"
 GROUP "TEMPWINTER"
 EXPRESSION ([pixel] >= -5 AND [pixel] < 0)
 STYLE
  COLOR 254 153 0
 END
END
CLASS
 NAME "0 5"
 GROUP "TEMPWINTER"
 EXPRESSION ([pixel] >= 0 AND [pixel] < 5)
 STYLE
  COLOR 254 50 0
 END
END
CLASS
 NAME "5 10"
 GROUP "TEMPWINTER"
 EXPRESSION ([pixel] >= 5 AND [pixel] < 10)
 STYLE
  COLOR 211 0 0
 END
END
CLASS
 NAME "10 15"
 GROUP "TEMPWINTER"
 EXPRESSION ([pixel] >= 10)
 STYLE
  COLOR 127 0 0
 END
END
CLASS
 NAME "<= -40"
 GROUP "TEMPWINTER-LINEAR"
 EXPRESSION ([pixel] < -40)
 STYLE
  COLORRANGE 0 0 127 0 0 127
  DATARANGE -100 -40.0
 END
END
CLASS
 NAME "-40 -35"
 GROUP "TEMPWINTER-LINEAR"
 EXPRESSION ([pixel] >= -40 AND [pixel] < -35)
 STYLE
  COLORRANGE 0 0 127 0 0 203
  DATARANGE -40.0 -35.0
 END
END
CLASS
 NAME "-35 -30"
 GROUP "TEMPWINTER-LINEAR"
 EXPRESSION ([pixel] >= -35 AND [pixel] < -30)
 STYLE
  COLORRANGE 0 0 203 0 40 254
  DATARANGE -35.0 -30.0
 END
END
CLASS
 NAME "-30 -25"
 GROUP "TEMPWINTER-LINEAR"
 EXPRESSION ([pixel] >= -30 AND [pixel] < -25)
 STYLE
  COLORRANGE 0 40 254 0 155 254
  DATARANGE -30.0 -25.0
 END
END
CLASS
 NAME "-25 -20"
 GROUP "TEMPWINTER-LINEAR"
 EXPRESSION ([pixel] >= -25 AND [pixel] < -20)
 STYLE
  COLORRANGE 0 155 254 13 253 241
  DATARANGE -25.0 -20.0
 END
END
CLASS
 NAME "-20 -15"
 GROUP "TEMPWINTER-LINEAR"
 EXPRESSION ([pixel] >= -20 AND [pixel] < -15)
 STYLE
  COLORRANGE 13 253 241 106 253 148
  DATARANGE -20.0 -15.0
 END
END
CLASS
 NAME "-15 -10"
 GROUP "TEMPWINTER-LINEAR"
 EXPRESSION ([pixel] >= -15 AND [pixel] < -10)
 STYLE
  COLORRANGE 106 253 148 199 254 55
  DATARANGE -15.0 -10.0
 END
END
CLASS
 NAME "-10 -5"
 GROUP "TEMPWINTER-LINEAR"
 EXPRESSION ([pixel] >= -10 AND [pixel] < -5)
 STYLE
  COLORRANGE 199 254 55 254 217 0
  DATARANGE -10.0 -5.0
 END
END
CLASS
 NAME "-5 0"
 GROUP "TEMPWINTER-LINEAR"
 EXPRESSION ([pixel] >= -5 AND [pixel] < 0)
 STYLE
  COLORRANGE 254 217 0 254 125 0
  DATARANGE -5.0 0.0
 END
END
CLASS
 NAME "0 5"
 GROUP "TEMPWINTER-LINEAR"
 EXPRESSION ([pixel] >= 0 AND [pixel] < 5)
 STYLE
  COLORRANGE 254 125 0 254 32 0
  DATARANGE 0.0 5.0
 END
END
CLASS
 NAME "5 10"
 GROUP "TEMPWINTER-LINEAR"
 EXPRESSION ([pixel] >= 5 AND [pixel] < 10)
 STYLE
  COLORRANGE 254 32 0 203 0 0
  DATARANGE 5.0 10.0
 END
END
CLASS
 NAME "10 15"
 GROUP "TEMPWINTER-LINEAR"
 EXPRESSION ([pixel] >= 10 AND [pixel] <= 15)
 STYLE
  COLORRANGE 203 0 0 127 0 0
  DATARANGE 10.0 15.0
 END
END
CLASS
 NAME ">= 15"
 GROUP "TEMPWINTER-LINEAR"
 EXPRESSION ([pixel] >= 15)
 STYLE
  COLORRANGE 127 0 0 127 0 0
  DATARANGE 15.0 50.0
 END
END
CLASS
 NAME "-40 -35"
 GROUP "TEMPERATURE"
 EXPRESSION ([pixel] < -35)
 STYLE
  COLOR 0 0 127
 END
END
CLASS
 NAME "-35 -30"
 GROUP "TEMPERATURE"
 EXPRESSION ([pixel] >= -35 AND [pixel] < -30)
 STYLE
  COLOR 0 0 183
 END
END
CLASS
 NAME "-30 -25"
 GROUP "TEMPERATURE"
 EXPRESSION ([pixel] >= -30 AND [pixel] < -25)
 STYLE
  COLOR 0 0 239
 END
END
CLASS
 NAME "-25 -20"
 GROUP "TEMPERATURE"
 EXPRESSION ([pixel] >= -25 AND [pixel] < -20)
 STYLE
  COLOR 0 63 254
 END
END
CLASS
 NAME "-20 -15 "
 GROUP "TEMPERATURE"
 EXPRESSION ([pixel] >= -20 AND [pixel] < -15)
 STYLE
  COLOR 0 147 254
 END
END
CLASS
 NAME "-15 -10"
 GROUP "TEMPERATURE"
 EXPRESSION ([pixel] >= -15 AND [pixel] < -10)
 STYLE
  COLOR 0 231 254
 END
END
CLASS
 NAME "-10 -5"
 GROUP "TEMPERATURE"
 EXPRESSION ([pixel] >= -10 AND [pixel] < -5)
 STYLE
  COLOR 51 253 203
 END
END
CLASS
 NAME "-5  0"
 GROUP "TEMPERATURE"
 EXPRESSION ([pixel] >= -5 AND [pixel] < 0)
 STYLE
  COLOR 119 253 135
 END
END
CLASS
 NAME "0 5"
 GROUP "TEMPERATURE"
 EXPRESSION ([pixel] >= 0 AND [pixel] < 5)
 STYLE
  COLOR 187 254 67
 END
END
CLASS
 NAME "5 10"
 GROUP "TEMPERATURE"
 EXPRESSION ([pixel] >= 5 AND [pixel] < 10)
 STYLE
  COLOR 255 255 0
 END
END
CLASS
 NAME "10 15"
 GROUP "TEMPERATURE"
 EXPRESSION ([pixel] >= 10 AND [pixel] < 15)
 STYLE
  COLOR 254 187 0
 END
END
CLASS
 NAME "15 20"
 GROUP "TEMPERATURE"
 EXPRESSION ([pixel] >= 15 AND [pixel] < 20)
 STYLE
  COLOR 254 119 0
 END
END
CLASS
 NAME "20 25"
 GROUP "TEMPERATURE"
 EXPRESSION ([pixel] >= 20 AND [pixel] < 25)
 STYLE
  COLOR 254 50 0
 END
END
CLASS
 NAME "25 30"
 GROUP "TEMPERATURE"
 EXPRESSION ([pixel] >= 25 AND [pixel] < 30)
 STYLE
  COLOR 239 0 0
 END
END
CLASS
 NAME "30 35"
 GROUP "TEMPERATURE"
 EXPRESSION ([pixel] >= 30 AND [pixel] < 35)
 STYLE
  COLOR 183 0 0
 END
END
CLASS
 NAME "35 40"
 GROUP "TEMPERATURE"
 EXPRESSION ([pixel] >= 35)
 STYLE
  COLOR 127 0 0
 END
END
    END
END
